#-----------------------------------------------------------
# Vivado v2019.2 (64-bit)
# SW Build 2708876 on Wed Nov  6 21:40:23 MST 2019
# IP Build 2700528 on Thu Nov  7 00:09:20 MST 2019
# Start of session at: Mon Aug  2 14:37:00 2021
# Process ID: 18224
# Current directory: C:/Users/Fxil/Desktop/nscscc2021_group_qualifier_submission-rc1/release_project/func_test_v0.01/soc_axi_func/run_vivado/mycpu_prj1/mycpu.runs/axi_crossbar_1x2_synth_1
# Command line: vivado.exe -log axi_crossbar_1x2.vds -product Vivado -mode batch -messageDb vivado.pb -notrace -source axi_crossbar_1x2.tcl
# Log file: C:/Users/Fxil/Desktop/nscscc2021_group_qualifier_submission-rc1/release_project/func_test_v0.01/soc_axi_func/run_vivado/mycpu_prj1/mycpu.runs/axi_crossbar_1x2_synth_1/axi_crossbar_1x2.vds
# Journal file: C:/Users/Fxil/Desktop/nscscc2021_group_qualifier_submission-rc1/release_project/func_test_v0.01/soc_axi_func/run_vivado/mycpu_prj1/mycpu.runs/axi_crossbar_1x2_synth_1\vivado.jou
#-----------------------------------------------------------
source axi_crossbar_1x2.tcl -notrace
