#-----------------------------------------------------------
# Vivado v2019.2 (64-bit)
# SW Build 2708876 on Wed Nov  6 21:40:23 MST 2019
# IP Build 2700528 on Thu Nov  7 00:09:20 MST 2019
# Start of session at: Tue Aug  3 13:41:58 2021
# Process ID: 9032
# Current directory: C:/Users/Microapple/Desktop/release_project/func_test_v0.01/cpu132_gettrace/run_vivado/cpu132_gettrace
# Command line: vivado.exe -gui_launcher_event rodinguilauncherevent7620 C:\Users\Microapple\Desktop\release_project\func_test_v0.01\cpu132_gettrace\run_vivado\cpu132_gettrace\cpu132_gettrace.xpr
# Log file: C:/Users/Microapple/Desktop/release_project/func_test_v0.01/cpu132_gettrace/run_vivado/cpu132_gettrace/vivado.log
# Journal file: C:/Users/Microapple/Desktop/release_project/func_test_v0.01/cpu132_gettrace/run_vivado/cpu132_gettrace\vivado.jou
#-----------------------------------------------------------
start_gui
open_project C:/Users/Microapple/Desktop/release_project/func_test_v0.01/cpu132_gettrace/run_vivado/cpu132_gettrace/cpu132_gettrace.xpr
update_compile_order -fileset sources_1
launch_simulation
source tb_top.tcl
run all
current_wave_config {Untitled 1}
add_wave {{/tb_top/soc_lite/cpu/inst_pc_r}} 
